<html>
<body>
<pre>
<h1>µVision Build Log</h1>
<h2>Tool Versions:</h2>
IDE-Version: •ÏVision V5.31.0.0
Copyright (C) 2020 ARM Ltd and ARM Germany GmbH. All rights reserved.
License Information: teddy park, teddy, LIC=HN0AE-5EDVG-743S0-BAJ2W-HSE4X-MZYUW
 
Tool Versions:
Toolchain:       MDK-ARM Plus  Version: 5.31.0.0
Toolchain Path:  C:\Keil_v5\ARM\ARMCC\Bin
C Compiler:      Armcc.exe V5.06 update 6 (build 750)
Assembler:       Armasm.exe V5.06 update 6 (build 750)
Linker/Locator:  ArmLink.exe V5.06 update 6 (build 750)
Library Manager: ArmAr.exe V5.06 update 6 (build 750)
Hex Converter:   FromElf.exe V5.06 update 6 (build 750)
CPU DLL:         SARMCM3.DLL V5.31.0.0
Dialog DLL:      DCM.DLL V1.17.3.0
Target DLL:      STLink\ST-LINKIII-KEIL_SWO.dll V3.0.7.0
Dialog DLL:      TCM.DLL V1.46.0.0
 
<h2>Project:</h2>
I:\Workspace\Wiznet\11.SOC\01_TestScenario\F4_W6300_Test\F4_W6300_Test\F4_W6300_Test\MDK-ARM\F4_W6300_Test.uvprojx
Project File Date:  06/07/2021

<h2>Output:</h2>
*** Using Compiler 'V5.06 update 6 (build 750)', folder: 'C:\Keil_v5\ARM\ARMCC\Bin'
Build target 'F4_W6300_Test'
compiling main.c...
../Core/Src/main.c(35): warning:  #47-D: incompatible redefinition of macro "DATA_BUF_SIZE"  (declared at line 11 of "../io6library/io6library/Application/loopback/loopback.h")
  #define DATA_BUF_SIZE 512
../Core/Src/main.c(298): warning:  #177-D: variable "temp"  was declared but never referenced
  		uint8_t temp;
../Core/Src/main.c(299): warning:  #177-D: variable "W6100_AdrSet"  was declared but never referenced
  		unsigned char W6100_AdrSet[2][8] = {{2, 2, 2, 2, 2, 2, 2, 2}, {2, 2, 2, 2, 2, 2, 2, 2}};
../Core/Src/main.c: 3 warnings, 0 errors
linking...
Program Size: Code=7268 RO-data=508 RW-data=80 ZI-data=1168  
FromELF: creating hex file...
"F4_W6300_Test\F4_W6300_Test.axf" - 0 Error(s), 3 Warning(s).

<h2>Software Packages used:</h2>

Package Vendor: ARM
                http://www.keil.com/pack/ARM.CMSIS.5.7.0.pack
                ARM.CMSIS.5.7.0
                CMSIS (Cortex Microcontroller Software Interface Standard)
   * Component: CORE Version: 5.4.0

Package Vendor: Keil
                http://www.keil.com/pack/Keil.STM32F4xx_DFP.2.15.0.pack
                Keil.STM32F4xx_DFP.2.15.0
                STMicroelectronics STM32F4 Series Device Support, Drivers and Examples

<h2>Collection of Component include folders:</h2>
  .\RTE\_F4_W6300_Test
  C:\Users\ppyou\AppData\Local\Arm\Packs\ARM\CMSIS\5.7.0\CMSIS\Core\Include
  C:\Users\ppyou\AppData\Local\Arm\Packs\Keil\STM32F4xx_DFP\2.15.0\Drivers\CMSIS\Device\ST\STM32F4xx\Include

<h2>Collection of Component Files used:</h2>

   * Component: ARM::CMSIS:CORE:5.4.0
      Include file:  CMSIS\Core\Include\tz_context.h
Build Time Elapsed:  00:00:02
</pre>
</body>
</html>
